[web.archive.org/web/20210303003404/http_/artofwa.com.au/index.html]
[gmpg.org/xfn/11.html]
[web.archive.org/_static/js/playback.bundle2a46.js]
[web.archive.org/_static/js/wombat1b09.js]
[backblue.gif]
[fade.gif]
[index.html]
[web.archive.org/index.html]
[web.archive.org/web/20210227020859im_/http_/www.artofwa.com.au/wp-content/themes/whitespace/images/favicon.ico]
[archive.org/account/login.html]
[archive.org/services/img/nlaweb.jpg]
[archive.org/details/NLA_2021.html]
[www.w3.org/1999/xhtml/index.html]
[archive.org/includes/donateebed.html]
[web.archive.org/_static/images/toolbar/wayback-toolbar-logo-200.png]
[web.archive.org/web/20210227022849cs_/http_/www.artofwa.com.au/wp-content/themes/whitespace/style.css]
[web.archive.org/_static/images/toolbar/wm_tb_prv_on.png]
[web.archive.org/web/20210118161030/http_/artofwa.com.au/index.html]
[web.archive.org/web/20210227022856/http_/www.artofwa.com.au/index.html]
[web.archive.org/web/20150818215043/https_/www.linkedin.com/search299d.html]
[web.archive.org/_static/images/toolbar/wm_tb_nxt_on.png]
[web.archive.org/web/20200224215758/http_/artofwa.com.au/index.html]
[web.archive.org/web/20210314001516/http_/www.artofwa.com.au/index.html]
[web.archive.org/web/20210303003404_/http_/artofwa.com.au/index.html]
[web.archive.org/_static/images/loading.gif]
[web.archive.org/web/20210303003404/http_/www.artofwa.com.au/index.html]
[web.archive.org/web/20210228074441/http_/www.aimia.com.au/i-cms2679.html]
[web.archive.org/web/20200111150431/http_/www.wacom.eu/bamboo/dock/index29ed2.asp]
[web.archive.org/web/20201121230705/https_/designstudiopress.com/new_site/links.php]
[web.archive.org/web/20200920094941/https_/blogs.msdn.com/ozpartnertv/archive/2007/09/20/partner-tv-wacom.html]
[web.archive.org/web/20170315165922/https_/www.facebook.com/profileb018.html]
[web.archive.org/web/20150819032334/https_/www.linkedin.com/in/richolland.html]
[web.archive.org/web/20150822190226/https_/twitter.com/ric_holland.html]
[web.archive.org/web/20210220041202if_/https_/www.youtube.com/embed/0uVsoDgqrHY.html]
[web.archive.org/web/20210303003404/https_/www.scribd.com/document/443964431/Ric-Holland-s-TimeLine-2020]
[web.archive.org/web/20210303003404/https_/www.scribd.com/user/29784500/Ric-Holland.34.delayed]
[web.archive.org/web/20210220041201if_/https_/www.scribd.com/embeds/443964431/content85e9.html]
[web.archive.org/web/20210220041202if_/https_/www.youtube.com/embed/afa6vPD6ytA.html]
[web.archive.org/web/20210220041202if_/https_/www.youtube.com/embed/JQn65WBTflw.html]
[web.archive.org/web/20210220041203if_/https_/www.youtube.com/embed/1SMuD7yx8Hg.html]
[web.archive.org/web/20210220041201if_/https_/www.youtube.com/embed/o4Lj66Kenp4.html]
[web.archive.org/web/20210220041201if_/https_/www.youtube.com/embed/r48D1hYA4wg.html]
[web.archive.org/web/20210220041202if_/https_/www.youtube.com/embed/fDCb5MSi278.html]
[web.archive.org/web/20210220041203if_/https_/player.vimeo.com/video/209070629.html]
[web.archive.org/web/20210303003404/http_/www.designtaxi.com/index.html]
[web.archive.org/web/20210124231038/https_/vimeo.com/209070629.html]
[web.archive.org/web/20201001035939/https_/vimeo.com/magalibarbe.html]
[web.archive.org/web/20210220041200if_/https_/www.youtube.com/embed/mqsP_H_OYrA.html]
[web.archive.org/web/20210227050044/http_/www.artofwa.com.au/index6146.html]
[web.archive.org/web/20210314002434/http_/www.artofwa.com.au/wp-login.php]
[web.archive.org/web/20210302054649/http_/validator.w3.org/checkbb5d]
[web.archive.org/web/20210427074203/https_/briangardner.com/themes/whitespace-wordpress-theme.html]
[web.archive.org/web/20210303003404/http_/artofwa.com.au/index.html]
[www.w3.org/1999/xhtml/index.html]
[gmpg.org/xfn/default.css]
[gmpg.org/xfn/intro.html]
[gmpg.org/xfn/faq.html]
[gmpg.org/xfn/thanks.html]
[gmpg.org/xfn/11.html]
[archive.org/includes/analytics2a5b.js]
[archive.org/ext/build/npm/jquery/dist/jquery.minc4a8.js]
[archive.org/ext/build/npm/jquery-ui.mine7d9.js]
[archive.org/ext/build/npm/bootstrap/dist/js/bootstrap.minee7b.js]
[analytics.archive.org/0.gif]
[archive.org/ext/components/npm/clipboard/dist/clipboardd30a.js]
[archive.org/ext/build/js/regenerator-runtime-polyfill.mind30a.js]
[archive.org/ext/build/js/ie-dom-node-remove-polyfill.mind30a.js]
[archive.org/ext/build/js/polyfill.mind30a.js]
[archive.org/includes/analyticsd30a.js]
[archive.org/ext/components/npm/@webcomponents/webcomponentsjs/webcomponents-bundled30a.js]
[archive.org/ext/build/js/ia-topnav.mind30a.js]
[archive.org/ext/build/npm/react-dom/umd/react-dom.production.min3a93.js]
[archive.org/ext/build/js/areact.mind30a.js]
[web.archive.org/_static/js/raven.min.js]
[web.archive.org/_static/images/archive.ico]
[web.archive.org/_static/css/stylesda06.css]
[web.archive.org/_static/css/web.css]
[web.archive.org/static/bower_components/wayback-search-js/dist/vendors_main.7059a9d5d2fa00a6bd97.chunk.css]
[web.archive.org/static/bower_components/wayback-search-js/dist/main.4716cf2f9a8258abd761.chunk.css]
[web.archive.org/static/bower_components/wayback-search-js/dist/runtime.eb06185f9ef8d092b4a4.js]
[web.archive.org/static/bower_components/wayback-search-js/dist/main.4716cf2f9a8258abd761.chunk.js]
[web.archive.org/static/bower_components/wayback-search-js/dist/vendors_main.7059a9d5d2fa00a6bd97.chunk.js]
[archive.org/web/carouFredSel/jquery.carouFredSel-6.2.1-packed9242.js]
[blog.archive.org/2020/06/10/temporary-national-emergency-library-to-close-2-weeks-early-returning-to-traditional-controlled-digital-lending/index.html]
[archive.org/account/signup.html]
[archive.org/index.html]
[archive.org/account/login-2.html]
[archive.org/details/texts.html]
[archive.org/web/index.html]
[archive.org/details/movies.html]
[archive.org/details/software.html]
[archive.org/about/contact.html]
[archive.org/about/jobs.html]
[archive.org/about/index.html]
[blog.archive.org/index.html]
[archive.org/donate/index.html]
[archive.org/about/volunteerpositions.html]
[archive.org/advancedsearch.html]
[web.archive.org/index.html]
[archive.org/about/terms.html]
[artofwa.com.au/index.html]
[web.archive.org/_static/index.html]
[web.archive.org/_static/css/banner-stylesdc04.css]
[openlibrary.org/index.html]
[web.archive.org/_static/css/iconochive8307.css]
[web.archive.org/web/20210303003404/http_/www.artofwa.com.au/indexd784.html]
[web.archive.org/web/20210303003404/http_/www.artofwa.com.au/indexcc4d.html]
[www.facebook.com/loginf2dc.html]
[web.archive.org/web/20210303003404/http_/www.artofwa.com.au/index6e0a.html]
[www.artofwa.com.au/xmlrpc.html]
[www.artofwa.com.au/index2d4f.html]
[www.artofwa.com.au/indexad71.html]
[www.artofwa.com.au/indexcc03.html]
[www.artofwa.com.au/index8413.html]
[www.artofwa.com.au/indexabb9.html]
[www.artofwa.com.au/indexe1e7.html]
[www.artofwa.com.au/indexa676.html]
[www.artofwa.com.au/indexd305.html]
[www.artofwa.com.au/index8484.html]
[www.artofwa.com.au/indexe04d.html]
[www.artofwa.com.au/index2b58.html]
[www.artofwa.com.au/index559e.html]
[www.artofwa.com.au/index166c.html]
[www.artofwa.com.au/index8ba2.html]
[www.artofwa.com.au/indexd907.html]
[www.artofwa.com.au/index03da.html]
[www.artofwa.com.au/index81d5.html]
[www.artofwa.com.au/indexd44c.html]
[www.artofwa.com.au/index2501.html]
[www.artofwa.com.au/indexd649.html]
[www.artofwa.com.au/index2fe4.html]
[www.artofwa.com.au/index0b82.html]
[www.artofwa.com.au/index8172.html]
[www.artofwa.com.au/index631b.html]
[www.artofwa.com.au/index0b76.html]
[www.artofwa.com.au/indexaf22.html]
[www.artofwa.com.au/index9149.html]
[www.artofwa.com.au/index9f9d.html]
[www.artofwa.com.au/index0558.html]
[www.artofwa.com.au/index3642.html]
[www.artofwa.com.au/indexfb7b.html]
[www.artofwa.com.au/index29b3.html]
[www.artofwa.com.au/indexc797.html]
[www.artofwa.com.au/indexdef7.html]
[www.artofwa.com.au/index0929.html]
[www.artofwa.com.au/index0260.html]
[www.artofwa.com.au/indexde88.html]
[www.artofwa.com.au/index9b14.html]
[www.artofwa.com.au/index3598.html]
[www.artofwa.com.au/indexfdb0.html]
[www.artofwa.com.au/index62cc.html]
[www.artofwa.com.au/indexc61a.html]
[www.artofwa.com.au/index512b.html]
[www.artofwa.com.au/index08fb.html]
[www.artofwa.com.au/index52f4.html]
[www.artofwa.com.au/index74f1.html]
[www.artofwa.com.au/index8956.html]
[www.artofwa.com.au/indexa1aa.html]
[www.artofwa.com.au/indexe3d5.html]
[www.artofwa.com.au/index9ab9.html]
[www.artofwa.com.au/index1ff0.html]
[www.artofwa.com.au/index9f11.html]
[www.artofwa.com.au/index31f0.html]
[www.artofwa.com.au/indexd189.html]
[www.artofwa.com.au/indexb5c0.html]
[www.artofwa.com.au/indexf258.html]
[www.artofwa.com.au/index6e30.html]
[www.artofwa.com.au/index5c0a.html]
[www.artofwa.com.au/index8f62.html]
[www.artofwa.com.au/index451d.html]
[www.artofwa.com.au/index3e04.html]
[www.artofwa.com.au/index425a.html]
[www.artofwa.com.au/index9907.html]
[www.artofwa.com.au/index3104.html]
[www.artofwa.com.au/index17e8.html]
[www.artofwa.com.au/index10a5.html]
[www.artofwa.com.au/indexa7bc.html]
[www.artofwa.com.au/indexfda7.html]
[www.artofwa.com.au/xmlrpc0db0.html]
[www.artofwa.com.au/wp-includes/wlwmanifest.html]
[web.archive.org/web/20210227020913/http_/www.artofwa.com.au/indexcc4d.html]
[web.archive.org/web/20210227022849cs_/http_/www.artofwa.com.au/wp-content/themes/whitespace/style.css]
[archive.org/ext/build/js/ia-sentry.mind30a.js]
[archive.org/ext/components/npm/@babel/polyfill/dist/polyfill.mind30a.js]
[web.archive.org/web/20200328033343im_/http_/www.artofwa.com.au/wp-content/themes/whitespace/images/header_2.jpg]
[archive.org/images/glogo.jpg]
[archive.org/account/signup5b3c.html]
[archive.org/components/ia-third-party-auth/ia-third-party-authd30a.js]
[archive.org/account/login.html]
[faq.web.archive.org/index.html]
[web.archive.org/web/20210303003404/http_/web.archive.org/screenshot/http_/artofwa.com.au/index.html]
[analytics.archive.org/03596.gif]
[analytics.archive.org/0fddd.gif]
[web.archive.org/web/20210118161030/http_/artofwa.com.au/index.html]
[web.archive.org/web/20210227022856/http_/www.artofwa.com.au/index.html]
[web.archive.org/web/20210314001516/http_/www.artofwa.com.au/index.html]
[web.archive.org/web/20200309191339cs_/http_/www.artofwa.com.au/wp-content/themes/whitespace/style.css]
[web.archive.org/web/20200224215758/http_/artofwa.com.au/index.html]
[web.archive.org/web/20210303003404_/http_/artofwa.com.au/index.html]
[archive.org/ext/build/js/ia-popup.mind30a.js]
[archive.org/images/notfound.png]
[archive.org/ext/build/npm/flot/jquery.flot141f.js]
[archive.org/ext/build/npm/flot/jquery.flot.time141f.js]
[archive.org/details/nlaweb]
[archive.org/ext/build/js/playset.mind30a.js]
[archive.org/details/NLA_2021&morf=-subject.html]
[archive.org/images/filter-count.png]
[archive.org/details/NLA_2021&morf=-creator.html]
[archive.org/details/NLA_2021f09f.html]
[archive.org/details/NLA_2021a4e1.html]
[archive.org/details/NLA_2021a63b.html]
[archive.org/details/NLA_2021a99d.html]
[archive.org/details/NLA-AU-CRAWL-2021-20210310071108028-01923-01932-wbgrp-svc230.html]
[archive.org/details/NLA-AU-CRAWL-2021-20210415101727799-04705-04714-wbgrp-crawl004.html]
[archive.org/details/NLA-AU-CRAWL-2021-20210308042133752-00911-00920-wbgrp-crawl003.html]
[archive.org/details/NLA-AU-CRAWL-2021-PATCH-20210426174320541-00051-00060-wbgrp-crawl045.html]
[archive.org/details/NLA-AU-CRAWL-2021-20210318003543635-02172-02181-wbgrp-crawl003.html]
[archive.org/details/NLA-AU-CRAWL-2021-20210311120546376-01232-01241-wbgrp-svc231.html]
[archive.org/details/NLA-AU-CRAWL-2021-20210307091503650-00975-00984-wbgrp-svc231.html]
[archive.org/details/NLA-AU-CRAWL-2021-20210307081051321-00965-00974-wbgrp-svc231.html]
[archive.org/details/NLA-AU-CRAWL-2021-20210321025721505-01720-01729-wbgrp-svc278.html]
[archive.org/details/NLA-AU-CRAWL-2021-20210405144244659-02552-02561-wbgrp-svc278.html]
[archive.org/details/NLA-AU-CRAWL-2021-20210404225405857-04043-04052-wbgrp-crawl004.html]
[archive.org/details/NLA-AU-CRAWL-2021-20210404200633417-04033-04042-wbgrp-crawl004.html]
[archive.org/details/NLA-AU-CRAWL-2021-20210313062751966-00817-00826-wbgrp-svc277.html]
[archive.org/details/NLA-AU-CRAWL-2021-20210417052305377-04519-04528-wbgrp-crawl001.html]
[archive.org/details/NLA-AU-CRAWL-2021-20210305081526249-00768-00776-wbgrp-svc230.html]
[archive.org/details/NLA-AU-CRAWL-2021-20210415175440148-03036-03045-wbgrp-svc278.html]
[archive.org/details/NLA-AU-CRAWL-2021-20210317202505497-01367-01378-wbgrp-svc278.html]
[archive.org/details/NLA-AU-CRAWL-2021-20210309075241171-01014-01023-wbgrp-crawl002.html]
[archive.org/details/NLA-AU-CRAWL-2021-20210406202429899-04163-04172-wbgrp-crawl004.html]
[archive.org/details/NLA-AU-CRAWL-2021-20210306194627387-01113-01122-wbgrp-svc230.html]
[archive.org/details/NLA-AU-CRAWL-2021-20210311143119314-00756-00765-wbgrp-svc278.html]
[archive.org/details/NLA-AU-CRAWL-2021-20210418114229989-03156-03165-wbgrp-svc278.html]
[archive.org/details/NLA-AU-CRAWL-2021-20210310101113319-01139-01151-wbgrp-crawl002.html]
[archive.org/details/NLA-AU-CRAWL-2021-20210409132928229-02690-02699-wbgrp-svc278.html]
[archive.org/details/NLA-AU-CRAWL-2021-20210315042126389-00992-01005-wbgrp-svc277.html]
[archive.org/details/NLA-AU-CRAWL-2021-PATCH-20210422171713829-00010-00019-wbgrp-crawl045.html]
[archive.org/details/NLA-AU-CRAWL-2021-20210310031046355-01183-01192-wbgrp-crawl004.html]
[archive.org/details/NLA-AU-CRAWL-2021-20210308114437731-00902-00911-wbgrp-crawl002.html]
[archive.org/details/NLA-AU-CRAWL-2021-20210413211016289-04629-04637-wbgrp-crawl004.html]
[archive.org/details/NLA-AU-CRAWL-2021-20210310042526560-01193-01201-wbgrp-crawl004.html]
[archive.org/details/NLA-AU-CRAWL-2021-20210305111253763-00985-00994-wbgrp-crawl046.html]
[archive.org/details/NLA-AU-CRAWL-2021-20210306181352627-00843-00852-wbgrp-svc231.html]
[archive.org/details/NLA-AU-CRAWL-2021-20210416224308886-03099-03108-wbgrp-svc278.html]
[archive.org/details/NLA-AU-CRAWL-2021-20210402111733008-02495-02504-wbgrp-svc278.html]
[archive.org/details/NLA-AU-CRAWL-2021-20210306021109335-00538-00546-wbgrp-crawl002.html]
[archive.org/details/NLA-AU-CRAWL-2021-20210415224651867-03046-03055-wbgrp-svc278.html]
[archive.org/details/NLA-AU-CRAWL-2021-20210407185228465-02962-02973-wbgrp-svc277.html]
[archive.org/details/NLA-AU-CRAWL-2021-20210317022636929-01193-01205-wbgrp-svc277.html]
[archive.org/details/NLA-AU-CRAWL-2021-20210305001547155-00816-00824-wbgrp-crawl046.html]
[archive.org/details/NLA-AU-CRAWL-2021-20210313202609986-01634-01643-wbgrp-crawl003.html]
[archive.org/details/NLA-AU-CRAWL-2021-20210306114239431-00598-00607-wbgrp-crawl002.html]
[archive.org/details/NLA-AU-CRAWL-2021-20210306002650366-00529-00537-wbgrp-crawl002.html]
[archive.org/details/NLA-AU-CRAWL-2021-20210312124349991-00857-00866-wbgrp-svc278.html]
[archive.org/details/NLA-AU-CRAWL-2021-20210308024752092-00870-00879-wbgrp-crawl001.html]
[archive.org/details/NLA-AU-CRAWL-2021-20210311075939356-01244-01253-wbgrp-crawl002.html]
[archive.org/details/NLA-AU-CRAWL-2021-20210309093149191-01024-01036-wbgrp-crawl002.html]
[archive.org/details/NLA-AU-CRAWL-2021-20210315215955182-01069-01078-wbgrp-svc277.html]
[archive.org/details/NLA-AU-CRAWL-2021-20210304165459700-00716-00725-wbgrp-crawl046.html]
[archive.org/details/NLA-AU-CRAWL-2021-20210304152617894-00311-00320-wbgrp-crawl002.html]
[archive.org/details/NLA-AU-CRAWL-2021-20210304000318700-00408-00417-wbgrp-svc230.html]
[archive.org/ext/img/loading.gif]
[archive.org/details/NLA_2021f8b0.html]
[archive.org/details/@kyrie_whitsett.html]
[archive.org/details/NLA_2021.html]
[archive.org/includes/donateebed.html]
[analytics.archive.org/054a3.gif]
[analytics.archive.org/0ac91.gif]
[archive.org/details/@webcrawl.html]
[web.archive.org/web/20210303003404/http_/www.artofwa.com.au/index.html]
[web.archive.org/web/20210303003404/http_/www.artofwa.com.au/index2221.html]
[archive.org/includes/donate27be.html]
[web.archive.org/web/20210303003404/http_/www.artofwa.com.au/indexba53.html]
[web.archive.org/web/20210303003404_/http_/www.artofwa.com.au/index.html]
[web.archive.org/web/20210303003404/http_/www.artofwa.com.au/index1a30.html]
[web.archive.org/web/20210227022936/http_/www.artofwa.com.au/indexba53.html]
[web.archive.org/web/20210303003404/http_/www.artofwa.com.au/indexee2a.html]
[web.archive.org/web/20210227022907/http_/www.artofwa.com.au/index2221.html]
[web.archive.org/web/20210227022957/http_/www.artofwa.com.au/index1a30.html]
[web.archive.org/web/20210303003404/http_/www.artofwa.com.au/indexace3.html]
[web.archive.org/web/20210303003404/http_/www.artofwa.com.au/index6d0d.html]
[web.archive.org/web/20210227023105/http_/www.artofwa.com.au/indexee2a.html]
[web.archive.org/web/20210303003404/http_/www.artofwa.com.au/index7193.html]
[web.archive.org/web/20210227023158/http_/www.artofwa.com.au/indexace3.html]
[web.archive.org/web/20210303003404/http_/www.artofwa.com.au/index64d2.html]
[web.archive.org/web/20210227023218/http_/www.artofwa.com.au/index6d0d.html]
[web.archive.org/web/20210303003404/http_/www.artofwa.com.au/indexdf4d.html]
[web.archive.org/web/20210227023240/http_/www.artofwa.com.au/index7193.html]
[web.archive.org/web/20210303003404/http_/www.artofwa.com.au/index3f9d.html]
[web.archive.org/web/20210227023354/http_/www.artofwa.com.au/index64d2.html]
[web.archive.org/web/20210227023419/http_/www.artofwa.com.au/indexdf4d.html]
[web.archive.org/web/20210303003404/http_/www.artofwa.com.au/indexb60b.html]
[web.archive.org/web/20210303003404/http_/www.artofwa.com.au/index9a32.html]
[web.archive.org/web/20210227023449/http_/www.artofwa.com.au/index3f9d.html]
[web.archive.org/web/20210303003404/http_/www.artofwa.com.au/indexc502.html]
[web.archive.org/web/20210227023607/http_/www.artofwa.com.au/index9a32.html]
[web.archive.org/web/20210303003404/http_/www.artofwa.com.au/index4e71.html]
[web.archive.org/web/20210227023517/http_/www.artofwa.com.au/indexb60b.html]
[web.archive.org/web/20210303003404/http_/www.artofwa.com.au/indexbece.html]
[web.archive.org/web/20210227023700/http_/www.artofwa.com.au/index4e71.html]
[web.archive.org/web/20210303003404/http_/www.artofwa.com.au/index9829.html]
[web.archive.org/web/20210227023633/http_/www.artofwa.com.au/indexc502.html]
[web.archive.org/web/20210303003404/http_/www.artofwa.com.au/index027d.html]
[web.archive.org/web/20210227023738/http_/www.artofwa.com.au/indexbece.html]
[web.archive.org/web/20210303003404/http_/www.artofwa.com.au/index5534.html]
[web.archive.org/web/20210227023841/http_/www.artofwa.com.au/index9829.html]
[web.archive.org/web/20210303003404/http_/www.artofwa.com.au/indexbc9e.html]
[web.archive.org/web/20210227023907/http_/www.artofwa.com.au/index027d.html]
[web.archive.org/web/20210303003404/http_/www.artofwa.com.au/index3d46.html]
[web.archive.org/web/20210227023933/http_/www.artofwa.com.au/index5534.html]
[web.archive.org/web/20210303003404/http_/www.artofwa.com.au/index1f2f.html]
[web.archive.org/web/20210227024001/http_/www.artofwa.com.au/indexbc9e.html]
[web.archive.org/web/20210303003404/http_/www.artofwa.com.au/indexe845.html]
[web.archive.org/web/20210227024030/http_/www.artofwa.com.au/index3d46.html]
[web.archive.org/web/20210303003404/http_/www.artofwa.com.au/index90c5.html]
[web.archive.org/web/20210227024057/http_/www.artofwa.com.au/index1f2f.html]
[web.archive.org/web/20210303003404/http_/www.artofwa.com.au/indexceb6.html]
[web.archive.org/web/20210227024213/http_/www.artofwa.com.au/indexe845.html]
[web.archive.org/web/20210303003404/http_/www.artofwa.com.au/indexbcf5.html]
[web.archive.org/web/20210227030023/http_/www.artofwa.com.au/index90c5.html]
[web.archive.org/web/20210303003404/http_/www.artofwa.com.au/indexd0bd.html]
[web.archive.org/web/20210227030124/http_/www.artofwa.com.au/indexceb6.html]
[web.archive.org/web/20210303003404/http_/www.artofwa.com.au/index7d80.html]
[web.archive.org/web/20210227030235/http_/www.artofwa.com.au/indexd0bd.html]
[web.archive.org/web/20210303003404/http_/www.artofwa.com.au/indexa0b6.html]
[web.archive.org/web/20210227030259/http_/www.artofwa.com.au/index7d80.html]
[web.archive.org/web/20210303003404/http_/www.artofwa.com.au/indexede2.html]
[web.archive.org/web/20210227030201/http_/www.artofwa.com.au/indexbcf5.html]
[web.archive.org/web/20210303003404/http_/www.artofwa.com.au/index028b.html]
[web.archive.org/web/20210227030640/http_/www.artofwa.com.au/indexede2.html]
[web.archive.org/web/20210227030325/http_/www.artofwa.com.au/indexa0b6.html]
[web.archive.org/web/20210227030714/http_/www.artofwa.com.au/index028b.html]
[web.archive.org/web/20210303003404/http_/www.artofwa.com.au/index1a57.html]
[web.archive.org/web/20210303003404/http_/www.artofwa.com.au/indexcd9d.html]
[web.archive.org/web/20210303003404/http_/www.artofwa.com.au/index32ec.html]
[web.archive.org/web/20210227030849/http_/www.artofwa.com.au/index32ec.html]
[web.archive.org/web/20210303003404/http_/www.artofwa.com.au/indexfc13.html]
[web.archive.org/web/20210227030739/http_/www.artofwa.com.au/index1a57.html]
[web.archive.org/web/20210227030803/http_/www.artofwa.com.au/indexcd9d.html]
[web.archive.org/web/20210303003404/http_/www.artofwa.com.au/index6184.html]
[web.archive.org/web/20210303003404/http_/www.artofwa.com.au/index307d.html]
[web.archive.org/web/20210227030914/http_/www.artofwa.com.au/indexfc13.html]
[web.archive.org/web/20210303003404/http_/www.artofwa.com.au/index3842.html]
[web.archive.org/web/20210227031030/http_/www.artofwa.com.au/index6184.html]
[web.archive.org/web/20210303003404/http_/www.artofwa.com.au/indexf536.html]
[web.archive.org/web/20210227031054/http_/www.artofwa.com.au/index307d.html]
[web.archive.org/web/20210303003404/http_/www.artofwa.com.au/indexc583.html]
[web.archive.org/web/20210227031143/http_/www.artofwa.com.au/index3842.html]
[web.archive.org/web/20210303003404/http_/www.artofwa.com.au/indexd7ad.html]
[web.archive.org/web/20210227031207/http_/www.artofwa.com.au/indexf536.html]
[web.archive.org/web/20210303003404/http_/www.artofwa.com.au/indexe2e5.html]
[web.archive.org/web/20210227031257/http_/www.artofwa.com.au/indexc583.html]
[web.archive.org/web/20210303003404/http_/www.artofwa.com.au/index6499.html]
[web.archive.org/web/20210227031324/http_/www.artofwa.com.au/indexd7ad.html]
[web.archive.org/web/20210303003404/http_/www.artofwa.com.au/index3329.html]
[web.archive.org/web/20210227031349/http_/www.artofwa.com.au/indexe2e5.html]
[web.archive.org/web/20210303003404/http_/www.artofwa.com.au/index2928.html]
[web.archive.org/web/20210227031415/http_/www.artofwa.com.au/index6499.html]
[web.archive.org/web/20210303003404/http_/www.artofwa.com.au/indexc8d6.html]
[web.archive.org/web/20210227031439/http_/www.artofwa.com.au/index3329.html]
[web.archive.org/web/20210303003404/http_/www.artofwa.com.au/indexc04b.html]
[web.archive.org/web/20210227031506/http_/www.artofwa.com.au/index2928.html]
[web.archive.org/web/20210303003404/http_/www.artofwa.com.au/index1029.html]
[web.archive.org/web/20210227031623/http_/www.artofwa.com.au/indexc8d6.html]
[web.archive.org/web/20210303003404/http_/www.artofwa.com.au/index8192.html]
[web.archive.org/web/20210227031815/http_/www.artofwa.com.au/indexc04b.html]
[web.archive.org/web/20210303003404/http_/www.artofwa.com.au/index07f8.html]
[web.archive.org/web/20210227032411/http_/www.artofwa.com.au/index8192.html]
[web.archive.org/web/20210303003404/http_/www.artofwa.com.au/index9902.html]
[web.archive.org/web/20210227032600/http_/www.artofwa.com.au/index9902.html]
[web.archive.org/web/20210303003404/http_/www.artofwa.com.au/index9bef.html]
[web.archive.org/web/20210303003404/http_/www.artofwa.com.au/index1766.html]
[web.archive.org/web/20210227032512/http_/www.artofwa.com.au/index07f8.html]
[web.archive.org/web/20210303003404/http_/www.artofwa.com.au/index97bb.html]
[web.archive.org/web/20210227032632/http_/www.artofwa.com.au/index9bef.html]
[web.archive.org/web/20210227032320/http_/www.artofwa.com.au/index1029.html]
[web.archive.org/web/20210303003404/http_/www.artofwa.com.au/index4404.html]
[web.archive.org/web/20210303003404/http_/www.artofwa.com.au/index2f17.html]
[web.archive.org/web/20210227032801/http_/www.artofwa.com.au/index97bb.html]
[web.archive.org/web/20210303003404/http_/www.artofwa.com.au/index7f0d.html]
[web.archive.org/web/20210227032726/http_/www.artofwa.com.au/index1766.html]
[web.archive.org/web/20210303003404/http_/www.artofwa.com.au/index64b0.html]
[web.archive.org/web/20210227032903/http_/www.artofwa.com.au/index4404.html]
[web.archive.org/web/20210227033004/http_/www.artofwa.com.au/index2f17.html]
[web.archive.org/web/20210303003404/http_/www.artofwa.com.au/index7bf9.html]
[web.archive.org/web/20210303003404/http_/www.artofwa.com.au/index13f6.html]
[web.archive.org/web/20210227033052/http_/www.artofwa.com.au/index7f0d.html]
[web.archive.org/web/20210303003404/http_/www.artofwa.com.au/indexc185.html]
[web.archive.org/web/20210227033213/http_/www.artofwa.com.au/index7bf9.html]
[web.archive.org/web/20210303003404/http_/www.artofwa.com.au/index128b.html]
[web.archive.org/web/20210227033315/http_/www.artofwa.com.au/index13f6.html]
[web.archive.org/web/20210303003404/http_/www.artofwa.com.au/indexf22f.html]
[web.archive.org/web/20210227033139/http_/www.artofwa.com.au/index64b0.html]
[web.archive.org/web/20210303003404/http_/www.artofwa.com.au/index0d2a.html]
[web.archive.org/web/20210227033531/http_/www.artofwa.com.au/indexc185.html]
[web.archive.org/web/20210303003404/http_/www.artofwa.com.au/index16e4.html]
[web.archive.org/web/20210227033603/http_/www.artofwa.com.au/index128b.html]
[web.archive.org/web/20210303003404/http_/www.artofwa.com.au/indexbf8a.html]
[web.archive.org/web/20210227034812/http_/www.artofwa.com.au/indexf22f.html]
[web.archive.org/web/20210303003404/http_/www.artofwa.com.au/indexd079.html]
[web.archive.org/web/20210227034942/http_/www.artofwa.com.au/index0d2a.html]
[web.archive.org/web/20210303003404/http_/www.artofwa.com.au/index37cc.html]
[web.archive.org/web/20210227035046/http_/www.artofwa.com.au/indexbf8a.html]
[web.archive.org/web/20210227035012/http_/www.artofwa.com.au/index16e4.html]
[web.archive.org/web/20210303003404/http_/www.artofwa.com.au/index49ab.html]
[web.archive.org/web/20210303003404/http_/www.artofwa.com.au/index448a.html]
[web.archive.org/web/20210227035126/http_/www.artofwa.com.au/indexd079.html]
[web.archive.org/web/20210303003404/http_/www.artofwa.com.au/indexe527.html]
[web.archive.org/web/20210227035222/http_/www.artofwa.com.au/index37cc.html]
[web.archive.org/web/20210303003404/http_/www.artofwa.com.au/index1812.html]
[web.archive.org/web/20210227035317/http_/www.artofwa.com.au/index448a.html]
[web.archive.org/web/20210227035344/http_/www.artofwa.com.au/indexe527.html]
[web.archive.org/web/20210303003404/http_/www.artofwa.com.au/index0743.html]
[web.archive.org/web/20210303003404/http_/www.artofwa.com.au/index4ae2.html]
[web.archive.org/web/20210227035248/http_/www.artofwa.com.au/index49ab.html]
[web.archive.org/web/20210303003404/http_/www.artofwa.com.au/indexade1.html]
[web.archive.org/web/20210227035500/http_/www.artofwa.com.au/index0743.html]
[web.archive.org/web/20210227035551/http_/www.artofwa.com.au/index4ae2.html]
[web.archive.org/web/20210303003404/http_/www.artofwa.com.au/index7e09.html]
[web.archive.org/web/20210303003404/http_/www.artofwa.com.au/index5c4e.html]
[web.archive.org/web/20210227035409/http_/www.artofwa.com.au/index1812.html]
[web.archive.org/web/20210303003404/http_/www.artofwa.com.au/index8a92.html]
[web.archive.org/web/20210227035641/http_/www.artofwa.com.au/indexade1.html]
[web.archive.org/web/20210303003404/http_/www.artofwa.com.au/indexb9fc.html]
[web.archive.org/web/20210227035822/http_/www.artofwa.com.au/index5c4e.html]
[web.archive.org/web/20210227035730/http_/www.artofwa.com.au/index7e09.html]
[web.archive.org/web/20210303003404/http_/www.artofwa.com.au/indexe36c.html]
[web.archive.org/web/20210303003404/http_/www.artofwa.com.au/index11cb.html]
[web.archive.org/web/20210227035846/http_/www.artofwa.com.au/index8a92.html]
[web.archive.org/web/20210303003404/http_/www.artofwa.com.au/indexaffc.html]
[web.archive.org/web/20210227035936/http_/www.artofwa.com.au/indexb9fc.html]
[web.archive.org/web/20210303003404/http_/www.artofwa.com.au/indexf2af.html]
[web.archive.org/web/20210227040058/http_/www.artofwa.com.au/index11cb.html]
[web.archive.org/web/20210227040126/http_/www.artofwa.com.au/indexaffc.html]
[web.archive.org/web/20210303003404/http_/www.artofwa.com.au/index05df.html]
[web.archive.org/web/20210303003404/http_/www.artofwa.com.au/indexa03b.html]
[web.archive.org/web/20210227040001/http_/www.artofwa.com.au/indexe36c.html]
[web.archive.org/web/20210303003404/http_/www.artofwa.com.au/index0405.html]
[web.archive.org/web/20210227040322/http_/www.artofwa.com.au/indexa03b.html]
[web.archive.org/web/20210227040242/http_/www.artofwa.com.au/index05df.html]
[web.archive.org/web/20210303003404/http_/www.artofwa.com.au/index06ff.html]
[web.archive.org/web/20210303003404/http_/www.artofwa.com.au/indexfe27.html]
[web.archive.org/web/20210227040421/http_/www.artofwa.com.au/index0405.html]
[web.archive.org/web/20210303003404/http_/www.artofwa.com.au/indexe735.html]
[web.archive.org/web/20210227040157/http_/www.artofwa.com.au/indexf2af.html]
[web.archive.org/web/20210303003404/http_/www.artofwa.com.au/index7e33.html]
[web.archive.org/web/20210227040550/http_/www.artofwa.com.au/index06ff.html]
[web.archive.org/web/20210303003404/http_/www.artofwa.com.au/index9db3.html]
[web.archive.org/web/20210227044249/http_/www.artofwa.com.au/indexfe27.html]
[web.archive.org/web/20210227044533/http_/www.artofwa.com.au/indexe735.html]
[web.archive.org/web/20210303003404/http_/www.artofwa.com.au/indexcc4b.html]
[web.archive.org/web/20210303003404/http_/www.artofwa.com.au/indexc795.html]
[web.archive.org/web/20210227044649/http_/www.artofwa.com.au/index7e33.html]
[web.archive.org/web/20210303003404/http_/www.artofwa.com.au/index411e.html]
[web.archive.org/web/20210227044752/http_/www.artofwa.com.au/index9db3.html]
[web.archive.org/web/20210227044948/http_/www.artofwa.com.au/indexc795.html]
[web.archive.org/web/20210227044847/http_/www.artofwa.com.au/indexcc4b.html]
[web.archive.org/web/20210303003404/http_/www.artofwa.com.au/index8a21.html]
[web.archive.org/web/20210303003404/http_/www.artofwa.com.au/index96bd.html]
[web.archive.org/web/20210303003404/http_/www.artofwa.com.au/index188e.html]
[web.archive.org/web/20210227045036/http_/www.artofwa.com.au/index411e.html]
[web.archive.org/web/20210303003404/http_/www.artofwa.com.au/indexa442.html]
[web.archive.org/web/20210227045215/http_/www.artofwa.com.au/index96bd.html]
[web.archive.org/web/20210227045322/http_/www.artofwa.com.au/index188e.html]
[web.archive.org/web/20210303003404/http_/www.artofwa.com.au/indexf635.html]
[web.archive.org/web/20210303003404/http_/www.artofwa.com.au/index487c.html]
[web.archive.org/web/20210227045123/http_/www.artofwa.com.au/index8a21.html]
[web.archive.org/web/20210303003404/http_/www.artofwa.com.au/index1e14.html]
[web.archive.org/web/20210227045445/http_/www.artofwa.com.au/indexa442.html]
[web.archive.org/web/20210303003404/http_/www.artofwa.com.au/index0bc9.html]
[web.archive.org/web/20210227045642/http_/www.artofwa.com.au/index487c.html]
[web.archive.org/web/20210303003404/http_/www.artofwa.com.au/indexaf75.html]
[web.archive.org/web/20210227045607/http_/www.artofwa.com.au/indexf635.html]
[web.archive.org/web/20210227045719/http_/www.artofwa.com.au/index1e14.html]
[web.archive.org/web/20210303003404/http_/www.artofwa.com.au/index95d2.html]
[web.archive.org/web/20210303003404/http_/www.artofwa.com.au/index9a03.html]
[web.archive.org/web/20210227045737/http_/www.artofwa.com.au/index0bc9.html]
[web.archive.org/web/20210303003404/http_/www.artofwa.com.au/indexb31a.html]
[web.archive.org/web/20210227045807/http_/www.artofwa.com.au/indexaf75.html]
[web.archive.org/web/20210303003404/http_/www.artofwa.com.au/index2d4f.html]
[web.archive.org/web/20210227045835/http_/www.artofwa.com.au/index9a03.html]
[web.archive.org/web/20210227045852/http_/www.artofwa.com.au/indexb31a.html]
[web.archive.org/web/20210303003404/http_/www.artofwa.com.au/indexad71.html]
[web.archive.org/web/20210303003404/http_/www.artofwa.com.au/indexcc03.html]
[web.archive.org/web/20210227045818/http_/www.artofwa.com.au/index95d2.html]
[web.archive.org/web/20210303003404/http_/www.artofwa.com.au/index8413.html]
[web.archive.org/web/20210227021009/http_/www.artofwa.com.au/index2d4f.html]
[web.archive.org/web/20210303003404/http_/www.artofwa.com.au/indexabb9.html]
[web.archive.org/web/20210227021035/http_/www.artofwa.com.au/indexcc03.html]
[web.archive.org/web/20210303003404/http_/www.artofwa.com.au/indexe1e7.html]
[web.archive.org/web/20210227021045/http_/www.artofwa.com.au/index8413.html]
[web.archive.org/web/20210227021022/http_/www.artofwa.com.au/indexad71.html]
[web.archive.org/web/20210303003404/http_/www.artofwa.com.au/indexa676.html]
[web.archive.org/web/20210303003404/http_/www.artofwa.com.au/indexd305.html]
[web.archive.org/web/20210227021056/http_/www.artofwa.com.au/indexabb9.html]
[web.archive.org/web/20210303003404/http_/www.artofwa.com.au/index8484.html]
[web.archive.org/web/20210227021153/http_/www.artofwa.com.au/indexd305.html]
[web.archive.org/web/20210303003404/http_/www.artofwa.com.au/indexe04d.html]
[web.archive.org/web/20210227021133/http_/www.artofwa.com.au/indexe1e7.html]
[web.archive.org/web/20210303003404/http_/www.artofwa.com.au/index2b58.html]
[web.archive.org/web/20210227021234/http_/www.artofwa.com.au/index8484.html]
[web.archive.org/web/20210303003404/http_/www.artofwa.com.au/index559e.html]
[web.archive.org/web/20210227021248/http_/www.artofwa.com.au/indexe04d.html]
[web.archive.org/web/20210227021324/http_/www.artofwa.com.au/index2b58.html]
[web.archive.org/web/20210303003404/http_/www.artofwa.com.au/index166c.html]
[web.archive.org/web/20210303003404/http_/www.artofwa.com.au/index8ba2.html]
[web.archive.org/web/20210227021335/http_/www.artofwa.com.au/index559e.html]
[web.archive.org/web/20210303003404/http_/www.artofwa.com.au/indexd907.html]
[web.archive.org/web/20210227021143/http_/www.artofwa.com.au/indexa676.html]
[web.archive.org/web/20210227021345/http_/www.artofwa.com.au/index166c.html]
[web.archive.org/web/20210303003404/http_/www.artofwa.com.au/index03da.html]
[web.archive.org/web/20210303003404/http_/www.artofwa.com.au/index81d5.html]
[web.archive.org/web/20210227021456/http_/www.artofwa.com.au/index8ba2.html]
[web.archive.org/web/20210303003404/http_/www.artofwa.com.au/indexd44c.html]
[web.archive.org/web/20210227021532/http_/www.artofwa.com.au/indexd907.html]
[web.archive.org/web/20210303003404/http_/www.artofwa.com.au/index2501.html]
[web.archive.org/web/20210227021552/http_/www.artofwa.com.au/index81d5.html]
[web.archive.org/web/20210227021542/http_/www.artofwa.com.au/index03da.html]
[web.archive.org/web/20210303003404/http_/www.artofwa.com.au/indexd649.html]
[web.archive.org/web/20210303003404/http_/www.artofwa.com.au/index2fe4.html]
[web.archive.org/web/20210227021602/http_/www.artofwa.com.au/indexd44c.html]
[web.archive.org/web/20210303003404/http_/www.artofwa.com.au/index0b82.html]
[web.archive.org/web/20210227021613/http_/www.artofwa.com.au/index2501.html]
[web.archive.org/web/20210303003404/http_/www.artofwa.com.au/index8172.html]
[web.archive.org/web/20210227021633/http_/www.artofwa.com.au/index2fe4.html]
[web.archive.org/web/20210303003404/http_/www.artofwa.com.au/index631b.html]
[web.archive.org/web/20210227021624/http_/www.artofwa.com.au/indexd649.html]
[web.archive.org/web/20210303003404/http_/www.artofwa.com.au/index0b76.html]
[web.archive.org/web/20210227021704/http_/www.artofwa.com.au/index631b.html]
[web.archive.org/web/20210303003404/http_/www.artofwa.com.au/indexaf22.html]
[web.archive.org/web/20210227021713/http_/www.artofwa.com.au/index0b76.html]
[web.archive.org/web/20210303003404/http_/www.artofwa.com.au/index9149.html]
[web.archive.org/web/20210227021644/http_/www.artofwa.com.au/index0b82.html]
[web.archive.org/web/20210303003404/http_/www.artofwa.com.au/index9f9d.html]
[web.archive.org/web/20210227021654/http_/www.artofwa.com.au/index8172.html]
[web.archive.org/web/20210303003404/http_/www.artofwa.com.au/index0558.html]
[web.archive.org/web/20210227021723/http_/www.artofwa.com.au/indexaf22.html]
[web.archive.org/web/20210303003404/http_/www.artofwa.com.au/index3642.html]
[web.archive.org/web/20210227021744/http_/www.artofwa.com.au/index9f9d.html]
[web.archive.org/web/20210303003404/http_/www.artofwa.com.au/indexfb7b.html]
[web.archive.org/web/20210227021733/http_/www.artofwa.com.au/index9149.html]
[web.archive.org/web/20210303003404/http_/www.artofwa.com.au/index29b3.html]
[web.archive.org/web/20210227021756/http_/www.artofwa.com.au/index0558.html]
[web.archive.org/web/20210303003404/http_/www.artofwa.com.au/indexc797.html]
[web.archive.org/web/20210227021806/http_/www.artofwa.com.au/index3642.html]
[web.archive.org/web/20210303003404/http_/www.artofwa.com.au/indexdef7.html]
[web.archive.org/web/20210227021817/http_/www.artofwa.com.au/indexfb7b.html]
[web.archive.org/web/20210303003404/http_/www.artofwa.com.au/index0929.html]
[web.archive.org/web/20210227021828/http_/www.artofwa.com.au/index29b3.html]
[web.archive.org/web/20210303003404/http_/www.artofwa.com.au/index0260.html]
[web.archive.org/web/20210227021838/http_/www.artofwa.com.au/indexc797.html]
[web.archive.org/web/20210303003404/http_/www.artofwa.com.au/indexde88.html]
[web.archive.org/web/20210227021849/http_/www.artofwa.com.au/indexdef7.html]
[web.archive.org/web/20210227021903/http_/www.artofwa.com.au/index0929.html]
[web.archive.org/web/20210303003404/http_/www.artofwa.com.au/index9b14.html]
[web.archive.org/web/20210303003404/http_/www.artofwa.com.au/index3598.html]
[web.archive.org/web/20210227021917/http_/www.artofwa.com.au/index0260.html]
[web.archive.org/web/20210303003404/http_/www.artofwa.com.au/indexfdb0.html]
[web.archive.org/web/20210227021929/http_/www.artofwa.com.au/indexde88.html]
[web.archive.org/web/20210303003404/http_/www.artofwa.com.au/index62cc.html]
[web.archive.org/web/20210227022005/http_/www.artofwa.com.au/index3598.html]
[web.archive.org/web/20210227021942/http_/www.artofwa.com.au/index9b14.html]
[web.archive.org/web/20210303003404/http_/www.artofwa.com.au/indexc61a.html]
[web.archive.org/web/20210303003404/http_/www.artofwa.com.au/index512b.html]
[web.archive.org/web/20210227022022/http_/www.artofwa.com.au/indexfdb0.html]
[web.archive.org/web/20210303003404/http_/www.artofwa.com.au/index08fb.html]
[web.archive.org/web/20210227022039/http_/www.artofwa.com.au/index62cc.html]
[web.archive.org/web/20210303003404/http_/www.artofwa.com.au/index52f4.html]
[web.archive.org/web/20210227022100/http_/www.artofwa.com.au/indexc61a.html]
[web.archive.org/web/20210303003404/http_/www.artofwa.com.au/index74f1.html]
[web.archive.org/web/20210227022115/http_/www.artofwa.com.au/index512b.html]
[web.archive.org/web/20210303003404/http_/www.artofwa.com.au/index8956.html]
[web.archive.org/web/20210227022131/http_/www.artofwa.com.au/index08fb.html]
[web.archive.org/web/20210227022212/http_/www.artofwa.com.au/index52f4.html]
[web.archive.org/web/20210303003404/http_/www.artofwa.com.au/indexa1aa.html]
[web.archive.org/web/20210303003404/http_/www.artofwa.com.au/indexe3d5.html]
[web.archive.org/web/20210227022253/http_/www.artofwa.com.au/index74f1.html]
[web.archive.org/web/20210227022310/http_/www.artofwa.com.au/index8956.html]
[web.archive.org/web/20210303003404/http_/www.artofwa.com.au/index9ab9.html]
[web.archive.org/web/20210303003404/http_/www.artofwa.com.au/index1ff0.html]
[web.archive.org/web/20210227022345/http_/www.artofwa.com.au/indexe3d5.html]
[web.archive.org/web/20210303003404/http_/www.artofwa.com.au/index9f11.html]
[web.archive.org/web/20210227022328/http_/www.artofwa.com.au/indexa1aa.html]
[web.archive.org/web/20210303003404/http_/www.artofwa.com.au/index31f0.html]
[web.archive.org/web/20210227022410/http_/www.artofwa.com.au/index1ff0.html]
[web.archive.org/web/20210303003404/http_/www.artofwa.com.au/indexd189.html]
[web.archive.org/web/20210227022358/http_/www.artofwa.com.au/index9ab9.html]
[web.archive.org/web/20210303003404/http_/www.artofwa.com.au/indexb5c0.html]
[web.archive.org/web/20210227022426/http_/www.artofwa.com.au/index9f11.html]
[web.archive.org/web/20210303003404/http_/www.artofwa.com.au/indexf258.html]
[web.archive.org/web/20210227022536/http_/www.artofwa.com.au/indexd189.html]
[web.archive.org/web/20210303003404/http_/www.artofwa.com.au/index6e30.html]
[web.archive.org/web/20210227022548/http_/www.artofwa.com.au/indexb5c0.html]
[web.archive.org/web/20210303003404/http_/www.artofwa.com.au/index5c0a.html]
[web.archive.org/web/20210227022610/http_/www.artofwa.com.au/index6e30.html]
[web.archive.org/web/20210303003404/http_/www.artofwa.com.au/index8f62.html]
[web.archive.org/web/20210227022558/http_/www.artofwa.com.au/indexf258.html]
[web.archive.org/web/20210303003404/http_/www.artofwa.com.au/index451d.html]
[web.archive.org/web/20210227022501/http_/www.artofwa.com.au/index31f0.html]
[web.archive.org/web/20210303003404/http_/www.artofwa.com.au/index3e04.html]
[web.archive.org/web/20210227022620/http_/www.artofwa.com.au/index5c0a.html]
[web.archive.org/web/20210303003404/http_/www.artofwa.com.au/index425a.html]
[web.archive.org/web/20210227022708/http_/www.artofwa.com.au/index451d.html]
[web.archive.org/web/20210227022718/http_/www.artofwa.com.au/index3e04.html]
[web.archive.org/web/20210303003404/http_/www.artofwa.com.au/index9907.html]
[web.archive.org/web/20210303003404/http_/www.artofwa.com.au/index3104.html]
[web.archive.org/web/20210227022655/http_/www.artofwa.com.au/index8f62.html]
[web.archive.org/web/20210303003404/http_/www.artofwa.com.au/index17e8.html]
[web.archive.org/web/20210227022727/http_/www.artofwa.com.au/index425a.html]
[web.archive.org/web/20210303003404/http_/www.artofwa.com.au/index10a5.html]
[web.archive.org/web/20210227022738/http_/www.artofwa.com.au/index9907.html]
[web.archive.org/web/20210303003404/http_/www.artofwa.com.au/indexa7bc.html]
[web.archive.org/web/20210227022748/http_/www.artofwa.com.au/index3104.html]
[web.archive.org/web/20210303003404/http_/www.artofwa.com.au/indexfda7.html]
[web.archive.org/web/20210227022759/http_/www.artofwa.com.au/index17e8.html]
[web.archive.org/web/20210303003404/http_/5senses.wordpress.com/index.html]
[web.archive.org/web/20210227022810/http_/www.artofwa.com.au/index10a5.html]
[web.archive.org/web/20210227022821/http_/www.artofwa.com.au/indexa7bc.html]
[web.archive.org/web/20210227022830/http_/www.artofwa.com.au/indexfda7.html]
[web.archive.org/web/20201028032700/https_/5senses.wordpress.com/index.html]
[www.linkedin.com/signup/cold-join4c90.html]
[web.archive.org/web/20150818215043/http_/web.archive.org/screenshot/https_/www.linkedin.com/search299d]
[web.archive.org/web/20150630090515/https_/www.linkedin.com/search299d.html]
[web.archive.org/web/20090926130434/http_/www.linkedin.com/search299d.html]
[web.archive.org/web/20150818215043_/https_/www.linkedin.com/search299d.html]
[archive.org/services/img/webwidecrawl.jpg]
[archive.org/details/webwidecrawl.html]
[archive.org/web/web.html]
[archive.org/details/survey_00003.html]
[web.archive.org/web/20150818194450js_/https_/static.licdn.com/scds/common/u/lib/fizzy/fz-1.3.8-min.js]
[web.archive.org/web/20150818215043/https_/www.linkedin.com/search299d.html]
[web.archive.org/web/20210303003404/http_/www.agda.com.au/index.html]
[web.archive.org/outbound/blogroll/www.agda.com.html]
[web.archive.org/web/20150810085331/https_/www.linkedin.com/vsearch/p.html]
[web.archive.org/web/20210302161040/https_/agda.com.au/index.html]
[web.archive.org/web/20210228074441/https_/www.aimialoyalty.com/i-cms.1122679.delayed]
[web.archive.org/web/20210228074441/http_/www.aimia.com.au/i-cms2679.html]
[web.archive.org/outbound/blogroll/www.aimia.com.html]
[web.archive.org/web/20210303003404/http_/area.autodesk.com/index.html]
[web.archive.org/web/20210303003404/http_/www.flickr.com/photos/27770580@N05/index.html]
[web.archive.org/web/20210303003404/http_/www.ballisticpublishing.com/index.html]
[web.archive.org/web/20200111150431/http_/www.wacom.eu/bamboo/dock/index29ed2.html]
[web.archive.org/web/20210303003404/http_/www.cgsociety.org/index.html]
[web.archive.org/web/20210302233650/https_/area.autodesk.com/index.html]
[web.archive.org/web/20201121230705/https_/designstudiopress.com/new_site/links.html]
[web.archive.org/web/20210302213611/https_/cgsociety.org/index.html]
[web.archive.org/web/20210303061535im_/https_/designtaxi.com/favicon.ico]
[designtaxi.com/index.html]
[web.archive.org/web/20210303002202cs_/http_/netdna.bootstrapcdn.com/font-awesome/3.2.1/css/font-awesome.css]
[web.archive.org/web/20210303061539cs_/https_/designtaxi.com/css/slick/slick.css]
[web.archive.org/web/20210303061534cs_/https_/designtaxi.com/css/slick/slick-theme.css]
[web.archive.org/web/20210303061534cs_/https_/designtaxi.com/css/remodal.css]
[web.archive.org/web/20210303061540cs_/https_/designtaxi.com/css/remodal-default-theme.css]
[web.archive.org/web/20210303061533cs_/https_/designtaxi.com/css/optimized-indexc81e.css]
[web.archive.org/web/20210303003127js_/https_/cdnjs.cloudflare.com/ajax/libs/jquery/1.8.3/jquery.min.js]
[web.archive.org/web/20210302191906js_/https_/cdnjs.cloudflare.com/ajax/libs/URI.js/1.11.2/URI.min.js]
[web.archive.org/web/20210303003448js_/https_/code.jquery.com/jquery-migrate-1.2.1.min.js]
[web.archive.org/web/20210421153437/http_/www.ballisticpublishing.com/index.html]
[web.archive.org/web/20210303003344js_/https_/www.google.com/recaptcha/api.js]
[web.archive.org/web/20210203003403/https_/designtaxi.com/index.html]
[web.archive.org/web/20210302003359/https_/designtaxi.com/index.html]
[web.archive.org/web/20210403003410/https_/designtaxi.com/index.html]
[web.archive.org/web/20210304003406/https_/designtaxi.com/index.html]
[archive.org/details/twitteroutlinks.html]
[archive.org/includes/donatea650.html]
[web.archive.org/web/20200302165331/https_/designtaxi.com/index.html]
[web.archive.org/web/20210303092201/https_/designtaxi.com/notice.html]
[web.archive.org/web/20210303092222/https_/designtaxi.com/subscribe_news.html]
[web.archive.org/web/20210303061539im_/https_/designtaxi.com/img/TAXI-logo.png]
[web.archive.org/web/20210303003404/http_/designtaxi.com/index.html]
[web.archive.org/web/20210308043801/https_/www.facebook.com/designtaxi.html]
[web.archive.org/web/20210308123723/https_/twitter.com/designtaxi.html]
[web.archive.org/web/20210310103847/https_/designtaxi.com/category/Redesign.html]
[web.archive.org/web/20210303092239/https_/designtaxi.com/category/Social Media.html]
[web.archive.org/web/20210303092408/https_/designtaxi.com/category/Joe Biden.html]
[web.archive.org/web/20210303092825/https_/designtaxi.com/category/Photography.html]
[web.archive.org/web/20210303092539/https_/designtaxi.com/category/WTF.html]
[web.archive.org/web/20210217080535/https_/designtaxi.com/category/Travel.html]
[web.archive.org/web/20210303092435/https_/designtaxi.com/category/Google.html]
[web.archive.org/web/20210217080617/https_/designtaxi.com/category/Food.html]
[web.archive.org/web/20210217080342/https_/designtaxi.com/category/Character Design.html]
[web.archive.org/web/20210224083937/https_/designtaxi.com/category/Eco-Friendly.html]
[web.archive.org/web/20210303092508/https_/designtaxi.com/category/Packaging Design.html]
[web.archive.org/web/20210303092714/https_/designtaxi.com/category/Pop Culture.html]
[web.archive.org/web/20210224084014/https_/designtaxi.com/category/NASA.html]
[web.archive.org/web/20210303092619/https_/designtaxi.com/category/Video.html]
[web.archive.org/web/20210303092734/https_/designtaxi.com/category/Graphic Design.html]
[web.archive.org/web/20210303092847/https_/designtaxi.com/faq.html]
[web.archive.org/web/20210303092919/https_/designtaxi.com/news.rss]
[web.archive.org/web/20210303061531im_/https_/designtaxi.com/userfiles/news/thumbnail/413251.jpg]
[web.archive.org/web/20210303061542im_/https_/designtaxi.com/userfiles/news/thumbnail/413230.jpg]
[web.archive.org/web/20210303003404if_/http_/designtaxi.com/index.html]
[web.archive.org/web/20210302235406im_/https_/designtaxi.com/userfiles/news/thumbnail/413237.jpg]
[web.archive.org/web/20210303061539im_/https_/designtaxi.com/userfiles/news/thumbnail/413233.jpg]
[web.archive.org/web/20210303003404im_/http_/designtaxi.com/userfiles/news/thumbnail/413223.jpg]
[web.archive.org/web/20210302235402im_/https_/designtaxi.com/userfiles/news/thumbnail/413266.jpg]
[web.archive.org/web/20210303101310im_/https_/designtaxi.com/userfiles/news/thumbnail/413265.jpg]
[web.archive.org/web/20210302235400im_/https_/designtaxi.com/userfiles/news/thumbnail/413263.jpg]
[web.archive.org/web/20210302235406im_/https_/designtaxi.com/userfiles/news/thumbnail/413258.jpg]
[web.archive.org/web/20210303093206im_/https_/designtaxi.com/userfiles/news/thumbnail/413260.jpg]
[web.archive.org/web/20210227001555/https_/thecreativefinder.com/jobs/index.html]
[web.archive.org/web/20210224183331/https_/bza.co/buy/153402/designtaxi/useful-guides-for-designers-download-full-set4655.html]
[web.archive.org/web/20210303005551cs_/https_/fonts.googleapis.com/css2f8a.css]
[web.archive.org/web/20210303005225cs_/https_/fonts.googleapis.com/cssaba3.css]
[web.archive.org/web/20210303044342cs_/https_/fonts.googleapis.com/css6c5d.css]
[web.archive.org/web/20210303001724js_/http_/cdnjs.cloudflare.com/ajax/libs/jqueryui/1.11.2/jquery-ui.min.js]
[web.archive.org/web/20210303003409js_/https_/s7.addthis.com/js/300/addthis_widget.js]
[web.archive.org/web/20210303004418js_/https_/unpkg.com/imagesloaded@4.1.4/imagesloaded.pkgd.min.js]
[web.archive.org/web/20210303003404/http_/designtaxi.com/http_]
[web.archive.org/web/20210303005125/https_/tcr.tynt.com/ti.html]
[web.archive.org/web/20210303002815/http_/s3.buysellads.com/ac/bsa.html]
[web.archive.org/web/20210303003404/http_/designtaxi.com/https_]
[web.archive.org/web/20210303003413/https_/js.gumgum.com/services.html]
[web.archive.org/web/20210303003404/http_/designtaxi.com/GET]
[web.archive.org/web/20210303003404/http_/www.designtaxi.com/index.html]
[web.archive.org/web/20210303003404/http_/www.dgdesignnetwork.com.au/dgdn/index.html]
[web.archive.org/outbound/blogroll/www.dgdesignnetwork.com.html]
[web.archive.org/web/20210303003404/http_/drawn.ca/2008/10/10/ilovesketch-3d-curve-sketching-system/index.html]
[web.archive.org/web/20210303003404/http_/www.idnworld.com/index.html]
[web.archive.org/web/20210303061542/https_/designtaxi.com/js/dt-seo.html]
[web.archive.org/web/20210303003404/http_/pixlart.blogspot.com/index.html]
[web.archive.org/web/20210211015327/http_/pixlart.blogspot.com/index.html]
[web.archive.org/web/20210303003404/http_/delicategeniusblog.com/index6fe2.html]
[web.archive.org/web/20201109042151/http_/drawn.ca/2008/10/10/ilovesketch-3d-curve-sketching-system/index.html]
[web.archive.org/web/20191027085248/http_/www.dgdesignnetwork.com.au/dgdn/index.html]
[web.archive.org/web/20200920094941/https_/blogs.msdn.com/ozpartnertv/archive/2007/09/20/partner-tv-wacom.html]
[web.archive.org/web/20210303003404/http_/www.redbubble.com/index.html]
[web.archive.org/web/20210228182709/https_/www.idnworld.com/index.html]
[web.archive.org/web/20200111140403/http_/delicategeniusblog.com/index6fe2.html]
[web.archive.org/web/20170315165922/https_/www.facebook.com/ric.1ad.delayed]
[web.archive.org/web/20170315165922/https_/www.facebook.com/profileb018.html]
[web.archive.org/web/20210303003404/http_/www.extreme.com.au/index.html]
[web.archive.org/outbound/blogroll/www.extreme.com.html]
[web.archive.org/web/20210304164213/http_/extreme.com.au/index.html]
[web.archive.org/web/20210302214437/https_/www.redbubble.com/index.html]
[web.archive.org/web/20150819032830js_/https_/static.licdn.com/scds/common/u/lib/fizzy/fz-1.3.8-min.js]
[www.linkedin.com/uas/openid/authorize.1b2.delayed]
[web.archive.org/web/20150818194453im_/https_/static.licdn.com/scds/common/u/img/icon/apple-touch-icon.png]
[web.archive.org/web/20150818194455im_/https_/static.licdn.com/scds/common/u/images/logos/favicons/v1/favicon.ico]
[web.archive.org/web/20150819094835cs_/https_/static.licdn.com/scds/concat/common/css796c.css]
[web.archive.org/web/20150817122631js_/https_/static.licdn.com/scds/concat/common/jsdfce]
[web.archive.org/web/20150821213352js_/https_/static.licdn.com/scds/concat/common/js0ea4]
[web.archive.org/web/20150819091756cs_/https_/static.licdn.com/scds/concat/common/cssb302.css]
[web.archive.org/web/20150818194515js_/https_/static.licdn.com/scds/concat/common/jscf0b]
[web.archive.org/web/20150819094839cs_/https_/static.licdn.com/scds/concat/common/cssc3c0.css]
[web.archive.org/web/20150817122627js_/https_/static.licdn.com/scds/concat/common/js1709]
[web.archive.org/web/20151210111046/https_/au.linkedin.com/in/richolland.html]
[web.archive.org/web/20151210001632js_/https_/www.linkedin.com/uas/authping6af0]
[web.archive.org/web/20150819094837cs_/https_/static.licdn.com/scds/concat/common/css877e.css]
[web.archive.org/web/20150819094840cs_/https_/static.licdn.com/scds/concat/common/cssda54.css]
[web.archive.org/web/20150819094841cs_/https_/static.licdn.com/scds/concat/common/css8409.css]
[web.archive.org/web/20150815163352js_/https_/static.licdn.com/scds/concat/common/jsfb91]
[web.archive.org/web/20150819032334/http_/web.archive.org/screenshot/https_/www.linkedin.com/in/richolland]
[web.archive.org/web/20150701111431/https_/www.linkedin.com/in/richolland.html]
[web.archive.org/web/20090926130453/http_/www.linkedin.com/in/richolland.html]
[web.archive.org/web/20150819032334_/https_/www.linkedin.com/in/richolland.html]
[archive.org/includes/donateef34.html]
[web.archive.org/web/20150810060055/https_/www.linkedin.com/static1d41.html]
