[gmpg.org/11.html]
[web.archive.org/images/playback.bundle2a46.js]
[web.archive.org/images/wombat1b09.js]
[backblue.gif]
[fade.gif]
[index.html]
[web.archive.org/index-2.html]
[web.archive.org/images/favicon.ico]
[www.w3.org/index.html]
[web.archive.org/images/wayback-toolbar-logo-200.png]
[archive.org/login.html]
[web.archive.org/images/wm_tb_prv_on.png]
[web.archive.org/images/wm_tb_nxt_on.png]
[web.archive.org/index-5.html]
[web.archive.org/index-6.html]
[archive.org/nlaweb.html]
[web.archive.org/index-7.html]
[web.archive.org/index-9.html]
[web.archive.org/index-8.html]
[web.archive.org/images/loading.gif]
[archive.org/nla_2021.html]
[archive.org/donateebed.html]
[web.archive.org/index-10.html]
[web.archive.org/search299d.html]
[web.archive.org/i-cms2679.html]
[web.archive.org/images/index29ed2.asp]
[web.archive.org/images/links.php]
[web.archive.org/partner-tv-wacom.html]
[web.archive.org/profileb018.html]
[web.archive.org/richolland.html]
[web.archive.org/ric_holland.html]
[web.archive.org/0uvsodgqrhy.html]
[web.archive.org/images/ric-holland-s-timeline-2020]
[web.archive.org/images/ric-holland]
[web.archive.org/content85e9.html]
[web.archive.org/afa6vpd6yta.html]
[web.archive.org/jqn65wbtflw.html]
[web.archive.org/1smud7yx8hg.html]
[web.archive.org/o4lj66kenp4.html]
[web.archive.org/r48d1hya4wg.html]
[web.archive.org/fdcb5msi278.html]
[web.archive.org/209070629.html]
[web.archive.org/index-17.html]
[web.archive.org/209070629-2.html]
[web.archive.org/magalibarbe.html]
[web.archive.org/mqsp_h_oyra.html]
[web.archive.org/index6146.html]
[web.archive.org/images/wp-login.php]
[web.archive.org/images/checkbb5d]
[web.archive.org/index.html]
[web.archive.org/whitespace-wordpress-theme.html]
[www.w3.org/images/base.56.delayed]
[www.w3.org/images/rdfa-xslt]
[www.w3.org/index.html]
[gmpg.org/images/default.css]
[gmpg.org/images/.5a.delayed]
[gmpg.org/intro.html]
[gmpg.org/faq.html]
[gmpg.org/thanks.html]
[gmpg.org/11.html]
[analytics.archive.org/images/0.gif]
[archive.org/images/analytics2a5b.js]
[archive.org/images/jquery.minc4a8.js]
[archive.org/images/bootstrap.minee7b.js]
[archive.org/images/jquery-ui.mine7d9.js]
[archive.org/images/ie-dom-node-remove-polyfill.mind30a.js]
[archive.org/images/polyfill.mind30a.js]
[archive.org/images/analyticsd30a.js]
[archive.org/images/webcomponents-bundled30a.js]
[archive.org/images/more-facets.mind30a.js]
[archive.org/images/ia-topnav.mind30a.js]
[archive.org/images/react.production.min3a93.js]
[web.archive.org/images/raven.min.js]
[web.archive.org/images/archive.ico]
[web.archive.org/images/stylesda06.css]
[web.archive.org/images/web.css]
[web.archive.org/images/vendors_main.7059a9d5d2fa00a6bd97.chunk.css]
[web.archive.org/images/main.4716cf2f9a8258abd761.chunk.css]
[web.archive.org/images/runtime.eb06185f9ef8d092b4a4.js]
[web.archive.org/images/vendors_main.7059a9d5d2fa00a6bd97.chunk.js]
[web.archive.org/images/main.4716cf2f9a8258abd761.chunk.js]
[archive.org/images/jquery.caroufredsel-6.2.1-packed9242.js]
[archive.org/signup.html]
[archive.org/login-2.html]
[archive.org/index-3.html]
[archive.org/movies.html]
[blog.archive.org/index-2.html]
[archive.org/image.html]
[archive.org/index-4.html]
[archive.org/contact.html]
[archive.org/index-5.html]
[archive.org/jobs.html]
[archive.org/bios.html]
[web.archive.org/index-2.html]
[artofwa.com.au/index.html]
[web.archive.org/index-3.html]
[archive.org/terms.html]
[www.facebook.com/loginf2dc.html]
[web.archive.org/images/banner-stylesdc04.css]
[web.archive.org/images/iconochive8307.css]
[web.archive.org/indexd784.html]
[web.archive.org/indexcc4d.html]
[web.archive.org/index6e0a.html]
[www.artofwa.com.au/xmlrpc.html]
[www.artofwa.com.au/index2d4f.html]
[www.artofwa.com.au/indexad71.html]
[www.artofwa.com.au/indexcc03.html]
[www.artofwa.com.au/index8413.html]
[www.artofwa.com.au/indexabb9.html]
[www.artofwa.com.au/indexe1e7.html]
[www.artofwa.com.au/indexa676.html]
[www.artofwa.com.au/indexd305.html]
[www.artofwa.com.au/index8484.html]
[www.artofwa.com.au/indexe04d.html]
[www.artofwa.com.au/index2b58.html]
[www.artofwa.com.au/index559e.html]
[www.artofwa.com.au/index166c.html]
[www.artofwa.com.au/index8ba2.html]
[www.artofwa.com.au/indexd907.html]
[www.artofwa.com.au/index03da.html]
[www.artofwa.com.au/index81d5.html]
[www.artofwa.com.au/indexd44c.html]
[www.artofwa.com.au/index2501.html]
[www.artofwa.com.au/indexd649.html]
[www.artofwa.com.au/index2fe4.html]
[www.artofwa.com.au/index0b82.html]
[www.artofwa.com.au/index8172.html]
[www.artofwa.com.au/index631b.html]
[www.artofwa.com.au/index0b76.html]
[www.artofwa.com.au/indexaf22.html]
[www.artofwa.com.au/index9149.html]
[www.artofwa.com.au/index9f9d.html]
[www.artofwa.com.au/index0558.html]
[www.artofwa.com.au/index3642.html]
[www.artofwa.com.au/indexfb7b.html]
[www.artofwa.com.au/index29b3.html]
[www.artofwa.com.au/indexc797.html]
[www.artofwa.com.au/indexdef7.html]
[www.artofwa.com.au/index0929.html]
[www.artofwa.com.au/index0260.html]
[www.artofwa.com.au/indexde88.html]
[www.artofwa.com.au/index9b14.html]
[www.artofwa.com.au/index3598.html]
[www.artofwa.com.au/indexfdb0.html]
[www.artofwa.com.au/index62cc.html]
[www.artofwa.com.au/indexc61a.html]
[www.artofwa.com.au/index512b.html]
[www.artofwa.com.au/index08fb.html]
[www.artofwa.com.au/index52f4.html]
[www.artofwa.com.au/index74f1.html]
[www.artofwa.com.au/index8956.html]
[www.artofwa.com.au/indexa1aa.html]
[www.artofwa.com.au/indexe3d5.html]
[www.artofwa.com.au/index9ab9.html]
[www.artofwa.com.au/index1ff0.html]
[www.artofwa.com.au/index9f11.html]
[www.artofwa.com.au/index31f0.html]
[www.artofwa.com.au/indexd189.html]
[www.artofwa.com.au/indexb5c0.html]
[www.artofwa.com.au/indexf258.html]
[www.artofwa.com.au/index6e30.html]
[www.artofwa.com.au/index5c0a.html]
[www.artofwa.com.au/index8f62.html]
[www.artofwa.com.au/index451d.html]
[www.artofwa.com.au/index3e04.html]
[www.artofwa.com.au/index425a.html]
[www.artofwa.com.au/index9907.html]
[www.artofwa.com.au/index3104.html]
[www.artofwa.com.au/index17e8.html]
[www.artofwa.com.au/index10a5.html]
[www.artofwa.com.au/indexa7bc.html]
[www.artofwa.com.au/indexfda7.html]
[www.artofwa.com.au/xmlrpc0db0.html]
[www.artofwa.com.au/wlwmanifest.html]
[web.archive.org/indexcc4d-2.html]
[web.archive.org/images/header_2.jpg]
[web.archive.org/images/style.css]
[archive.org/images/polyfill.mind30a-2.js]
[archive.org/images/login.mind30a.js]
[archive.org/signup5b3c.html]
[archive.org/images/ia-third-party-authd30a.js]
[analytics.archive.org/images/06e77.gif]
[archive.org/forgot-password.html]
[analytics.archive.org/images/094ce.gif]
[archive.org/login.html]
[faq.web.archive.org/index.html]
[web.archive.org/index-4.html]
[web.archive.org/index-5.html]
[web.archive.org/index-6.html]
[web.archive.org/index-7.html]
[web.archive.org/images/favicon-2.ico]
[web.archive.org/images/style-2.css]
[web.archive.org/index-8.html]
[web.archive.org/index-9.html]
[archive.org/images/ia-popup.mind30a.js]
[archive.org/images/nlaweb]
[archive.org/images/jquery.flot141f.js]
[archive.org/images/jquery.flot.time141f.js]
[archive.org/images/jquery.flot.stack141f.js]
[archive.org/images/collection-rss4441.php]
[ia800303.us.archive.org/images/ausflagani.gif._1_]
[archive.org/nlaweb741a.html]
[archive.org/nlaweb&morf=-subject.html]
[archive.org/nlaweb&morf=-creator.html]
[archive.org/nlaweba232.html]
[archive.org/nlaweba4e1.html]
[archive.org/nlaweba63b.html]
[archive.org/nlaweb5f61.html]
[archive.org/nlaweb2016.html]
[archive.org/nla_2015.html]
[archive.org/nlaweb2013.html]
[archive.org/nla_2014.html]
[archive.org/nla_2008.html]
[archive.org/nla_2007.html]
[archive.org/nla_2006.html]
[archive.org/nla_2010.html]
[archive.org/nla-au-crawl-2018-03-09-homepages-20180313080245338-00194-00203-wbgrp-svc272.html]
[archive.org/nla-au-crawl-000-20050623132119-06435-crawling016-c.html]
[archive.org/nla-au-crawl-000-20050623062822-00011-crawling017-c.html]
[archive.org/nla-au-crawl-000-20050720120519-02280-crawling017-c.html]
[archive.org/nla-au-crawl-2018-03-09-20180314145326969-01102-01111-wbgrp-svc278.html]
[archive.org/nla-au-crawl-2019-20190305034438389-00872-01825-wbgrp-crawl002.html]
[archive.org/nla-au-crawl-003-20080718170517-00021-crawling102-c.html]
[archive.org/nla-au-crawl-000-20050624030605-06647-crawling016-c.html]
[archive.org/nla-au-crawl-003-20080718200304-00111-crawling108-c.html]
[archive.org/nla-au-crawl-004-20091014155651-03643-crawling101-c.html]
[archive.org/nla-au-crawl-005-20110408152012-00479-00629-crawling213.html]
[archive.org/nla-au-crawl-004-20091030161748-05569-crawling103-c.html]
[archive.org/nla-au-crawl-003-20080718180510-00053-crawling108-c.html]
[archive.org/nla-au-crawl-003-20080718205426-00131-crawling102-c.html]
[archive.org/nla-au-gov-crawl-03-16-2012-20120322061957982-419760-419778-web-crawl008.html]
[archive.org/nla-au-crawl-003-20080718190339-00079-crawling108-c.html]
[archive.org/nla-au-crawl-000-20050618111532-02869-crawling014-c.html]
[archive.org/nla-au-crawl-000-20050618000051-02634-crawling014-c.html]
[archive.org/nla-au-crawl-2018-03-09-patch-20180505014826466-00087-00096-wbgrp-svc278.html]
[archive.org/nla-au-crawl-005-20110308005641-01803-00379-crawling219.html]
[archive.org/nla-au-crawl-2018-03-09-patch-20180504203436758-00064-00076-wbgrp-svc278.html]
[archive.org/nla-au-crawl-02-22-2016-20160318102715015-04358-04367-wbgrp-crawl005.html]
[archive.org/nla-au-crawl-002-20070901225132-06261-crawling05-c.html]
[archive.org/nla-au-gov-crawl-20110406110133-00031-00053-crawling213.html]
[archive.org/nla-au-crawl-000-20050720140519-02103-crawling014-c.html]
[archive.org/nla-au-crawl-005-20110422082730-00024-00090-crawling213.html]
[archive.org/nla-au-crawl-02-22-2016-robots_ignored-20160325004831545-00164-00173-wbgrp-crawl008.html]
[archive.org/nla-au-crawl-003-20080718222851-00204-crawling106-c.html]
[archive.org/nla-au-crawl-2019-20190325214744378-04284-04295-wbgrp-svc283.html]
[archive.org/nla-au-crawl-2019-20190325184140024-04274-04283-wbgrp-svc283.html]
[archive.org/nla-au-crawl-2019-20190304063822961-00413-00422-wbgrp-crawl009.html]
[archive.org/nla-au-crawl-000-20050618052302-03450-crawling016-c.html]
[archive.org/nla-au-crawl-003-20080719004941-00340-crawling103-c.html]
[archive.org/nla-au-crawl-000-20050615112147-00620-crawling016-c.html]
[archive.org/nla-au-crawl-000-20050711201457-00903-crawling017-c.html]
[archive.org/nla-au-crawl-005-20110413050135-00345-00841-crawling218.html]
[archive.org/nla-au-crawl-004-patch-20091112004504-00113-crawling108-c.html]
[archive.org/nla-au-crawl-000-20050616084517-01411-crawling014-c.html]
[archive.org/nla-au-crawl-000-20050618171009-02973-crawling014-c.html]
[archive.org/nlawebf8b0.html]
[archive.org/nlaweb&sort=-reviewdate.html]
[analytics.archive.org/images/0496b.gif]
[archive.org/@webcrawl.html]
[archive.org/nlaweb.html]
[archive.org/images/collection-rssa99e.php]
[archive.org/nla_2021c316.html]
[archive.org/nla_2021741a.html]
[archive.org/nla_2021&morf=-creator.html]
[archive.org/nla_2021f09f.html]
[archive.org/nla_2021a4e1.html]
[archive.org/nla_2021a63b.html]
[archive.org/nla_20215f61.html]
[archive.org/nla-au-crawl-2021-20210415101727799-04705-04714-wbgrp-crawl004.html]
[archive.org/nla-au-crawl-2021-20210308042133752-00911-00920-wbgrp-crawl003.html]
[archive.org/nla-au-crawl-2021-patch-20210426174320541-00051-00060-wbgrp-crawl045.html]
[archive.org/nla-au-crawl-2021-20210318003543635-02172-02181-wbgrp-crawl003.html]
[archive.org/nla-au-crawl-2021-20210311120546376-01232-01241-wbgrp-svc231.html]
[archive.org/nla-au-crawl-2021-20210307091503650-00975-00984-wbgrp-svc231.html]
[archive.org/nla-au-crawl-2021-20210307081051321-00965-00974-wbgrp-svc231.html]
[archive.org/nla-au-crawl-2021-20210321025721505-01720-01729-wbgrp-svc278.html]
[archive.org/nla-au-crawl-2021-20210405144244659-02552-02561-wbgrp-svc278.html]
[archive.org/nla-au-crawl-2021-20210404225405857-04043-04052-wbgrp-crawl004.html]
[archive.org/nla-au-crawl-2021-20210404200633417-04033-04042-wbgrp-crawl004.html]
[archive.org/nla-au-crawl-2021-20210313062751966-00817-00826-wbgrp-svc277.html]
[archive.org/nla-au-crawl-2021-20210417052305377-04519-04528-wbgrp-crawl001.html]
[archive.org/nla-au-crawl-2021-20210315092636479-01016-01025-wbgrp-svc277.html]
[archive.org/nla-au-crawl-2021-20210415175440148-03036-03045-wbgrp-svc278.html]
[archive.org/nla-au-crawl-2021-20210415132537758-03024-03035-wbgrp-svc278.html]
[archive.org/nla-au-crawl-2021-20210309075241171-01014-01023-wbgrp-crawl002.html]
[archive.org/nla-au-crawl-2021-20210318162532668-01461-01470-wbgrp-svc278.html]
[archive.org/nla-au-crawl-2021-20210306194627387-01113-01122-wbgrp-svc230.html]
[archive.org/nla-au-crawl-2021-20210308061520542-00921-00930-wbgrp-crawl003.html]
[archive.org/nla-au-crawl-2021-20210418114229989-03156-03165-wbgrp-svc278.html]
[archive.org/nla-au-crawl-2021-20210314234622792-00983-00993-wbgrp-svc277.html]
[archive.org/nla-au-crawl-2021-20210409132928229-02690-02699-wbgrp-svc278.html]
[archive.org/nla-au-crawl-2021-20210305042238538-00883-00892-wbgrp-crawl046.html]
[archive.org/nla-au-crawl-2021-patch-20210422171713829-00010-00019-wbgrp-crawl045.html]
[archive.org/nla-au-crawl-2021-20210305101901651-00973-00984-wbgrp-crawl046.html]
[archive.org/nla-au-crawl-2021-20210308114437731-00902-00911-wbgrp-crawl002.html]
[archive.org/nla-au-crawl-2021-20210417003203163-04507-04518-wbgrp-crawl001.html]
[archive.org/nla-au-crawl-2021-20210310042526560-01193-01201-wbgrp-crawl004.html]
[archive.org/nla-au-crawl-2021-20210305090143205-00953-00962-wbgrp-crawl046.html]
[archive.org/nla-au-crawl-2021-20210306181352627-00843-00852-wbgrp-svc231.html]
[archive.org/nla-au-crawl-2021-20210317002606584-01183-01192-wbgrp-svc277.html]
[archive.org/nla-au-crawl-2021-20210402111733008-02495-02504-wbgrp-svc278.html]
[archive.org/nla-au-crawl-2021-20210303162134002-00346-00355-wbgrp-crawl041.html]
[archive.org/nla-au-crawl-2021-20210415224651867-03046-03055-wbgrp-svc278.html]
[archive.org/nla-au-crawl-2021-20210306030526052-00961-00970-wbgrp-svc230.html]
[archive.org/nla-au-crawl-2021-20210317022636929-01193-01205-wbgrp-svc277.html]
[archive.org/nla-au-crawl-2021-20210306132408370-01328-01337-wbgrp-crawl046.html]
[archive.org/nla-au-crawl-2021-20210313202609986-01634-01643-wbgrp-crawl003.html]
[archive.org/nla-au-crawl-2021-20210319032237938-02284-02293-wbgrp-crawl002.html]
[archive.org/nla-au-crawl-2021-20210304060643349-00294-00303-wbgrp-crawl003.html]
[archive.org/nla-au-crawl-2021-20210306002650366-00529-00537-wbgrp-crawl002.html]
[archive.org/nla-au-crawl-2021-20210321005037555-02204-02213-wbgrp-svc231.html]
[archive.org/nla-au-crawl-2021-20210308024752092-00870-00879-wbgrp-crawl001.html]
[archive.org/nla-au-crawl-2021-20210306011051191-00941-00950-wbgrp-svc230.html]
[archive.org/nla-au-crawl-2021-20210309093149191-01024-01036-wbgrp-crawl002.html]
[archive.org/nla-au-crawl-2021-20210312103514760-00847-00856-wbgrp-svc278.html]
[archive.org/nla-au-crawl-2021-20210304165459700-00716-00725-wbgrp-crawl046.html]
[archive.org/nla-au-crawl-2021-20210305210105187-01068-01077-wbgrp-crawl041.html]
[archive.org/nla-au-crawl-2021-20210304000318700-00408-00417-wbgrp-svc230.html]
[archive.org/nla_2021&sort=-reviewdate.html]
[analytics.archive.org/images/0c4f5.gif]
[analytics.archive.org/images/0f316.gif]
[archive.org/nla_2021.html]
[archive.org/donateebed.html]
[archive.org/@kyrie_whitsett.html]
[web.archive.org/index-10.html]
[web.archive.org/index2221.html]
[web.archive.org/indexba53.html]
[web.archive.org/index1a30.html]
[web.archive.org/indexee2a.html]
[web.archive.org/indexace3.html]
[web.archive.org/index6d0d.html]
[web.archive.org/index-33.html]
[web.archive.org/index7193.html]
[web.archive.org/indexba53-2.html]
[web.archive.org/indexee2a-2.html]
[web.archive.org/index64d2.html]
[web.archive.org/indexdf4d.html]
[web.archive.org/index1a30-2.html]
[web.archive.org/index3f9d.html]
[web.archive.org/index6d0d-2.html]
[web.archive.org/indexace3-2.html]
[web.archive.org/indexb60b.html]
[web.archive.org/index9a32.html]
[web.archive.org/index2221-2.html]
[web.archive.org/indexc502.html]
[web.archive.org/index7193-2.html]
[web.archive.org/index4e71.html]
[web.archive.org/index64d2-2.html]
[web.archive.org/index3f9d-2.html]
[web.archive.org/indexbece.html]
[web.archive.org/index9829.html]
[web.archive.org/index9a32-2.html]
[web.archive.org/index027d.html]
[web.archive.org/indexb60b-2.html]
[web.archive.org/index5534.html]
[web.archive.org/indexc502-2.html]
[web.archive.org/indexbc9e.html]
[web.archive.org/indexdf4d-2.html]
[web.archive.org/index3d46.html]
[web.archive.org/index4e71-2.html]
[web.archive.org/index1f2f.html]
[web.archive.org/index9829-2.html]
[web.archive.org/indexe845.html]
[web.archive.org/index027d-2.html]
[web.archive.org/index90c5.html]
[web.archive.org/indexbc9e-2.html]
[web.archive.org/indexceb6.html]
[web.archive.org/index5534-2.html]
[web.archive.org/indexbece-2.html]
[web.archive.org/indexbcf5.html]
[web.archive.org/indexd0bd.html]
[web.archive.org/index3d46-2.html]
[web.archive.org/index7d80.html]
[web.archive.org/index1f2f-2.html]
[web.archive.org/indexa0b6.html]
[web.archive.org/index90c5-2.html]
[web.archive.org/indexede2.html]
[web.archive.org/indexceb6-2.html]
[web.archive.org/index028b.html]
[web.archive.org/index7d80-2.html]
[web.archive.org/index1a57.html]
[web.archive.org/indexbcf5-2.html]
[web.archive.org/indexe845-2.html]
[web.archive.org/indexcd9d.html]
[web.archive.org/index32ec.html]
[web.archive.org/indexa0b6-2.html]
[web.archive.org/indexd0bd-2.html]
[web.archive.org/indexfc13.html]
[web.archive.org/index6184.html]
[web.archive.org/indexede2-2.html]
[web.archive.org/index307d.html]
[web.archive.org/indexcd9d-2.html]
[web.archive.org/index3842.html]
[web.archive.org/index1a57-2.html]
[web.archive.org/indexf536.html]
[web.archive.org/indexfc13-2.html]
[web.archive.org/indexc583.html]
[web.archive.org/index307d-2.html]
[web.archive.org/indexd7ad.html]
[web.archive.org/index3842-2.html]
[web.archive.org/indexe2e5.html]
[web.archive.org/indexf536-2.html]
[web.archive.org/index6499.html]
[web.archive.org/index6184-2.html]
[web.archive.org/index3329.html]
[web.archive.org/index028b-2.html]
