[web.archive.org/web/20210303003404/http_/artofwa.com.au/index.html]
[gmpg.org/xfn/11.html]
[web.archive.org/_static/js/playback.bundle2a46.js]
[web.archive.org/_static/js/wombat1b09.js]
[backblue.gif]
[fade.gif]
[index.html]
[web.archive.org/index.html]
[web.archive.org/web/20210227020859im_/http_/www.artofwa.com.au/wp-content/themes/whitespace/images/favicon.ico]
[archive.org/account/login.html]
[archive.org/services/img/nlaweb.jpg]
[archive.org/details/NLA_2021.html]
[www.w3.org/1999/xhtml/index.html]
[archive.org/includes/donateebed.html]
[web.archive.org/_static/images/toolbar/wayback-toolbar-logo-200.png]
[web.archive.org/web/20210227022849cs_/http_/www.artofwa.com.au/wp-content/themes/whitespace/style.css]
[web.archive.org/_static/images/toolbar/wm_tb_prv_on.png]
[web.archive.org/web/20210118161030/http_/artofwa.com.au/index.html]
[web.archive.org/web/20210227022856/http_/www.artofwa.com.au/index.html]
[web.archive.org/web/20150818215043/https_/www.linkedin.com/search299d.html]
[web.archive.org/_static/images/toolbar/wm_tb_nxt_on.png]
[web.archive.org/web/20200224215758/http_/artofwa.com.au/index.html]
[web.archive.org/web/20210314001516/http_/www.artofwa.com.au/index.html]
[web.archive.org/web/20210303003404_/http_/artofwa.com.au/index.html]
[web.archive.org/_static/images/loading.gif]
[web.archive.org/web/20210303003404/http_/www.artofwa.com.au/index.html]
[web.archive.org/web/20210228074441/http_/www.aimia.com.au/i-cms2679.html]
[web.archive.org/web/20200111150431/http_/www.wacom.eu/bamboo/dock/index29ed2.asp]
[web.archive.org/web/20201121230705/https_/designstudiopress.com/new_site/links.php]
[web.archive.org/web/20200920094941/https_/blogs.msdn.com/ozpartnertv/archive/2007/09/20/partner-tv-wacom.html]
[web.archive.org/web/20170315165922/https_/www.facebook.com/profileb018.html]
[web.archive.org/web/20150819032334/https_/www.linkedin.com/in/richolland.html]
[web.archive.org/web/20150822190226/https_/twitter.com/ric_holland.html]
[web.archive.org/web/20210220041202if_/https_/www.youtube.com/embed/0uVsoDgqrHY.html]
[web.archive.org/web/20210303003404/https_/www.scribd.com/document/443964431/Ric-Holland-s-TimeLine-2020]
