[web.archive.org/web/20210303003404/http_/artofwa.com.au/index.html]
[archive.org/includes/analytics2a5b.js]
[web.archive.org/_static/js/playback.bundle2a46.js]
[web.archive.org/_static/js/wombat1b09.js]
[web.archive.org/_static/css/banner-stylesdc04.css]
[backblue.gif]
[fade.gif]
[index.html]
[web.archive.org/_static/css/iconochive8307.css]
[web.archive.org/web/20210227022849cs_/http_/www.artofwa.com.au/wp-content/themes/whitespace/style.css]
[web.archive.org/_static/images/toolbar/wayback-toolbar-logo-200.png]
[web.archive.org/_static/images/toolbar/wm_tb_prv_on.png]
[web.archive.org/_static/images/toolbar/wm_tb_nxt_on.png]
[web.archive.org/_static/images/loading.gif]
[web.archive.org/web/20210303003404/http_/artofwa.com.au/index.html]
[analytics.archive.org/0.gif]
[archive.org/includes/analytics2a5b.js]
[web.archive.org/_static/css/banner-stylesdc04.css]
[web.archive.org/_static/css/iconochive8307.css]
[web.archive.org/_static/css/record.css]
[web.archive.org/web/20200328033343im_/http_/www.artofwa.com.au/wp-content/themes/whitespace/images/header_2.jpg]
[web.archive.org/web/20210227022849cs_/http_/www.artofwa.com.au/wp-content/themes/whitespace/style.css]
[web.archive.org/web/20210303003404/http_/artofwa.com.au/images.google.pl]
[web.archive.org/web/20210303003404/http_/artofwa.com.au/images.google.com.au]
[web.archive.org/web/20210227022853js_/http_/www.artofwa.com.au/wp-content/plugins/google-analytics-for-wordpress/custom_se.js]
[web.archive.org/_static/css/record.css]
[web.archive.org/web/20210303003404/http_/artofwa.com.au/images.google.html]
[web.archive.org/web/20210303003404/http_/artofwa.com.au/images.google.com.html]
